// Vitest Snapshot v1, https://vitest.dev/guide/snapshot.html

exports[`test divider component > render a default divider 1`] = `[Function]`;
